// Jest Snapshot v1, https://goo.gl/fbAQLP

exports[`should correctly render loginPage 1`] = `
<div>
  <button>
    LogIn
  </button>
</div>
`;
